---
source: tests/html_import.rs
expression: rendered
extension: txt
snapshot_kind: binary
---
