---
source: tests/snapshot_tests.rs
expression: markdown
---
# Header 1

## Header 2

### Header 3
