---
source: tests/snapshot_tests.rs
expression: markdown
---
Hello, world!
