---
source: tests/snapshot_tests.rs
expression: markdown
---
- Item 1
- Item 2
- Item 3
