---
source: tests/snapshot_tests.rs
expression: markdown
---
This has **bold**, _italic_, `code`, and ~~strikethrough~~.
