---
source: tests/snapshot_tests.rs
expression: markdown_output
extension: md
snapshot_kind: binary
---
