---
source: tests/snapshot_tests.rs
expression: markdown
---
This is `code` text.
