---
source: tests/snapshot_tests.rs
expression: markdown
---
This is _italic_ text.
